// Vitest Snapshot v1, https://vitest.dev/guide/snapshot.html

exports[`<SaleCount /> > renders correctly 1`] = `
<DocumentFragment>
  <div
    id="inCartContainer"
  >
    3
  </div>
</DocumentFragment>
`;
